{"mobile":"13371150346","session_id":"m23rv4k234patmo3sinje70ui5","data":{"id":79,"mobile":"13371150346","session_id":"m23rv4k234patmo3sinje70ui5","add_time":1563499730,"code":"9096","status":1,"msg":"\u9a8c\u8bc1\u78019096\uff0c\u6709\u90ca\u671f\u4e94\u5206\u949f\u3002","scene":6,"error_msg":null}}